Turbo Assembler	 Version 4.1	    02/03/25 19:58:25	    Page 1
01hello.asm



      1	0000			     .model tiny
      2	0000			     .code
      3				     org 100h
      4
      5	0100  B4 09		     Start:	     mov ah, 09h	     ; DOS Fn 09h = puts(dx)
      6	0102  BA 010Br				     mov dx, offset Meow     ; dx = &Meow
      7	0105  CD 21				     int 21h		     ; DOS Fn 21h = system(ah)
      8
      9	0107  B4 4C				     mov ah, 4ch	     ; DOS Fn 4ch = exit(al)
     10	0109  CD 21				     int 21h		     ; DOS Fn 21h = system(ah)
     11
     12	010B  4D 45 4F 57 24	     Meow:	     db	'MEOW$'		     ; Meow = "MEOW$"
     13
     14				     end	     Start
Turbo Assembler	 Version 4.1	    02/03/25 19:58:25	    Page 2
Symbol Table




Symbol Name			  Type	 Value

??DATE				  Text	 "02/03/25"
??FILENAME			  Text	 "01hello "
??TIME				  Text	 "19:58:25"
??VERSION			  Number 040A
@32BIT				  Text	 0
@CODE				  Text	 DGROUP
@CODESIZE			  Text	 0
@CPU				  Text	 0101H
@CURSEG				  Text	 _TEXT
@DATA				  Text	 DGROUP
@DATASIZE			  Text	 0
@FILENAME			  Text	 01HELLO
@INTERFACE			  Text	 000H
@MODEL				  Text	 1
@STACK				  Text	 DGROUP
@WORDSIZE			  Text	 2
MEOW				  Near	 DGROUP:010B
START				  Near	 DGROUP:0100

Groups & Segments		  Bit Size Align  Combine Class

DGROUP				  Group
  _DATA				  16  0000 Word	  Public  DATA
  _TEXT				  16  0110 Word	  Public  CODE
