Turbo Assembler	 Version 4.1	    02/27/25 12:29:49	    Page 1
itoa_h~1.asm



      1	    0000			 .model	tiny
      2	    0000			 .code
      3					 .386
      4					 org 100h
      5					 locals	@@
      6
      7	    0100			 Start:
      8
      9		  =0002			 RegSize equ 02h
     10
     11	    0100  BB B800 90			 mov bx, VideoMemSegment
     12	    0104  8E C3				 mov es, bx
     13
     14	    0106  BF 0370			 mov di, 80 * 2	* 5 + 80
     15
     16	    0109  B8 1234			 mov ax, 1234h
     17	    010C  E8 0002			 call itoa_hex
     18	    010F  CD 21				 int 21h
     19
     20	    0111			 itoa_hex    proc
     21
     22	    0111  57				 push di
     23
     24						 ; bx =	ax // 16
     25						 ; for (i =0; i	< 4; i++) { es:[di] = ax % 16, ax = ax // 16}
     26
     27	    0112  33 C9				 xor cx, cx
     28	    0114  B5 04				 mov ch, RegSize * 2
     29	    0116  BE 0142r			 mov si, offset	HexASCII
     30
     31	    0119			 @@for_cond_check:
     32
     33	    0119  3A CD				 cmp cl, ch
     34	    011B  74 23	90 90			 je  @@for_end
     35
     36	    011F  8B D8				 mov bx, ax
     37	    0121  C1 EB	04			 shr bx, 4
     38	    0124  C1 E3	04			 shl bx, 4
     39
     40	    0127  56				 push si
     41
     42	    0128  03 F0				 add si, ax
     43	    012A  2B F3				 sub si, bx
     44
     45	    012C  2B C3				 sub ax, bx
     46	    012E  2E: 8A 04			 mov byte ptr al, cs:[si]
     47	    0131  26: 88 05			 mov byte ptr es:[di], al
     48
     49	    0134  4F				 dec di
     50	    0135  4F				 dec di
     51	    0136  5E				 pop si
     52
     53	    0137  8B C3				 mov ax, bx
     54	    0139  C1 E8	04			 shr ax, 4
     55	    013C  FE C1				 inc cl
     56	    013E  EB D9				 jmp @@for_cond_check
     57
Turbo Assembler	 Version 4.1	    02/27/25 12:29:49	    Page 2
itoa_h~1.asm



     58	    0140			 @@for_end:
     59
     60	    0140  5F				 pop di
     61
     62	    0141  C3				 ret
     63	    0142				 endp
     64
     65
     66	    0142  30 31	32 33 34 35 36+	 HexASCII:   db	'0', '1', '2', '3', '4', '5', '6', '7'
     67		  37
     68	    014A  38 39	41 42 43 44 45+		     db	'8', '9', 'A', 'B', 'C', 'D', 'E', 'F'
     69		  46
     70
     71		  =B800			 VideoMemSegment equ	 0b800h
     72
     73					 end Start
Turbo Assembler	 Version 4.1	    02/27/25 12:29:49	    Page 3
Symbol Table




Symbol Name			  Type	 Value

??DATE				  Text	 "02/27/25"
??FILENAME			  Text	 "itoa_h~1"
??TIME				  Text	 "12:29:49"
??VERSION			  Number 040A
@32BIT				  Text	 0
@@FOR_COND_CHECK		  Near	 DGROUP:0119
@@FOR_END			  Near	 DGROUP:0140
@CODE				  Text	 DGROUP
@CODESIZE			  Text	 0
@CPU				  Text	 0F0FH
@CURSEG				  Text	 _TEXT
@DATA				  Text	 DGROUP
@DATASIZE			  Text	 0
@FILENAME			  Text	 ITOA_H~1
@INTERFACE			  Text	 000H
@MODEL				  Text	 1
@STACK				  Text	 DGROUP
@WORDSIZE			  Text	 4
HEXASCII			  Near	 DGROUP:0142
ITOA_HEX			  Near	 DGROUP:0111
REGSIZE				  Number 0002
START				  Near	 DGROUP:0100
VIDEOMEMSEGMENT			  Number B800

Groups & Segments		  Bit Size Align  Combine Class

DGROUP				  Group
  _DATA				  16  0000 Word	  Public  DATA
  _TEXT				  16  0152 Word	  Public  CODE
